
> r360-backend@1.0.0 build
> tsc

src/app.ts(5,30): error TS2307: Cannot find module 'uuid' or its corresponding type declarations.
src/app.ts(29,35): error TS2345: Argument of type 'string | string[] | undefined' is not assignable to parameter of type 'string | number | readonly string[]'.
  Type 'undefined' is not assignable to type 'string | number | readonly string[]'.
