src/modules/roles/role.controller.ts(13,33): error TS2551: Property 'isActive' does not exist on type 'FlattenMaps<IRole> & Required<{ _id: ObjectId; }> & { __v: number; }'. Did you mean 'is_active'?
src/modules/skills/skill.controller.ts(14,33): error TS2551: Property 'isActive' does not exist on type 'FlattenMaps<ISkill> & Required<{ _id: ObjectId; }> & { __v: number; }'. Did you mean 'is_active'?
src/modules/time-entries/time-entry.service.ts(216,56): error TS2551: Property 'startDate' does not exist on type 'Document<unknown, {}, IProjectAllocation, {}, {}> & IProjectAllocation & Required<{ _id: ObjectId; }> & { ...; }'. Did you mean 'start_date'?
src/modules/time-entries/time-entry.service.ts(217,54): error TS2551: Property 'endDate' does not exist on type 'Document<unknown, {}, IProjectAllocation, {}, {}> & IProjectAllocation & Required<{ _id: ObjectId; }> & { ...; }'. Did you mean 'end_date'?
src/modules/time-entries/time-entry.service.ts(222,35): error TS2551: Property 'projectId' does not exist on type 'Document<unknown, {}, IProjectAllocation, {}, {}> & IProjectAllocation & Required<{ _id: ObjectId; }> & { ...; }'. Did you mean 'project_id'?
