
> r360-backend@1.0.0 test
> jest src/modules/allocations/allocation.test.ts

node.exe : FAIL src/m
odules/allocations/al
location.test.ts
At line:1 char:1
+ & "C:\Program Files
\nodejs/node.exe" 
"C:\Program 
Files\nodejs/node_mo 
...
+ ~~~~~~~~~~~~~~~~~~~
~~~~~~~~~~~~~~~~~~~~~
~~~~~~~~~~~~~~~~~~~~~
~~~~~~~~
    + CategoryInfo   
           : NotSpe  
  cified: (FAIL sr   
 c/module...ocati    
on.test.ts:Strin    
g) [], RemoteExc    
eption
    + FullyQualified 
   ErrorId : Native  
  CommandError
 
  AllocationService 
- Integration
    ├ù should create 
a valid allocation 
successfully (582 ms)
    ├ù should fail 
when allocating 
beyond 100% capacity 
(126 ms)
    ├ù should allow 
over-allocation with 
admin override and 
create audit log 
(132 ms)

  ΓùÅ 
AllocationService - 
Integration ΓÇ║ 
should create a 
valid allocation 
successfully

    ValidationError: 
Employee validation 
failed: skills: 
Employee must have 
at least one Primary 
skill.

      at model.Docume
nt.invalidate (node_m
odules/mongoose/lib/d
ocument.js:3381:32)
      at node_modules
/mongoose/lib/documen
t.js:3142:17
      at cb (node_mod
ules/mongoose/lib/sch
ema/documentArray.js:
258:14)
      at node_modules
/mongoose/lib/schemaT
ype.js:1446:9

  ΓùÅ 
AllocationService - 
Integration ΓÇ║ 
should fail when 
allocating beyond 
100% capacity

    ValidationError: 
Employee validation 
failed: skills: 
Employee must have 
at least one Primary 
skill.

      at model.Docume
nt.invalidate (node_m
odules/mongoose/lib/d
ocument.js:3381:32)
      at node_modules
/mongoose/lib/documen
t.js:3142:17
      at cb (node_mod
ules/mongoose/lib/sch
ema/documentArray.js:
258:14)
      at node_modules
/mongoose/lib/schemaT
ype.js:1446:9

  ΓùÅ 
AllocationService - 
Integration ΓÇ║ 
should allow 
over-allocation with 
admin override and 
create audit log

    ValidationError: 
Employee validation 
failed: skills: 
Employee must have 
at least one Primary 
skill.

      at model.Docume
nt.invalidate (node_m
odules/mongoose/lib/d
ocument.js:3381:32)
      at node_modules
/mongoose/lib/documen
t.js:3142:17
      at cb (node_mod
ules/mongoose/lib/sch
ema/documentArray.js:
258:14)
      at node_modules
/mongoose/lib/schemaT
ype.js:1446:9

Test Suites: 1 
failed, 1 total
Tests:       3 
failed, 3 total
Snapshots:   0 total
Time:        2.913 
s, estimated 3 s
Ran all test suites 
matching src/modules/
allocations/allocatio
n.test.ts.
